<html>
<body>
<pre>
<h1>µVision Build Log</h1>
<h2>Tool Versions:</h2>
IDE-Version: µVision V5.29.0.0
Copyright (C) 2019 ARM Ltd and ARM Germany GmbH. All rights reserved.
License Information: Basma Ashraf, Egfwd, LIC=----
 
Tool Versions:
Toolchain:       MDK-Lite  Version: 5.29.0.0
Toolchain Path:  C:\Keil_v5\ARM\ARMCC\Bin
C Compiler:      Armcc.exe V5.06 update 6 (build 750)
Assembler:       Armasm.exe V5.06 update 6 (build 750)
Linker/Locator:  ArmLink.exe V5.06 update 6 (build 750)
Library Manager: ArmAr.exe V5.06 update 6 (build 750)
Hex Converter:   FromElf.exe V5.06 update 6 (build 750)
CPU DLL:         SARM.DLL V5.29.0.0
Dialog DLL:      DARMP.DLL V1.53.0.0
Target DLL:      UL2ARM.DLL V1.74.10.0
Dialog DLL:      TARMP.DLL V1.53.0.0
 
<h2>Project:</h2>
C:\Users\Asser\Desktop\Basma FWD Projects\New folder\EGFWD_EDF\Kiel Project\Demo\ARM7_LPC2129_Keil_RVDS\RTOSDemo.uvproj
Project File Date:  11/19/2022

<h2>Output:</h2>
*** Using Compiler 'V5.06 update 6 (build 750)', folder: 'C:\Keil_v5\ARM\ARMCC\Bin'
Rebuild target 'RTOSDemo_THUMB'
assembling serialISR.s...
assembling Startup.s...
compiling serial.c...
serial\serial.c(185): warning:  #550-D: variable "cChar"  was set but never used
  signed char cChar;
serial\serial.c: 1 warning, 0 errors
compiling GPIO_cfg.c...
compiling GPIO.c...
compiling main.c...
..\..\Starter_Files_V1\Starter_Files_V1\source\main.c(263): warning:  #167-D: argument of type "void *" is incompatible with parameter of type "TaskHookFunction_t"
  	vTaskSetApplicationTaskTag( NULL, (void *) 1 );
..\..\Starter_Files_V1\Starter_Files_V1\source\main.c(313): warning:  #167-D: argument of type "void *" is incompatible with parameter of type "TaskHookFunction_t"
  	vTaskSetApplicationTaskTag( NULL, (void *) 2 );
..\..\Starter_Files_V1\Starter_Files_V1\source\main.c(362): warning:  #167-D: argument of type "void *" is incompatible with parameter of type "TaskHookFunction_t"
  	vTaskSetApplicationTaskTag( NULL, (void *) 3 );
..\..\Starter_Files_V1\Starter_Files_V1\source\main.c(357): warning:  #550-D: variable "String_Periodic"  was set but never used
  	volatile char*	String_Periodic;
..\..\Starter_Files_V1\Starter_Files_V1\source\main.c(398): warning:  #167-D: argument of type "void *" is incompatible with parameter of type "TaskHookFunction_t"
  	vTaskSetApplicationTaskTag( NULL, (void *) 4 );
..\..\Starter_Files_V1\Starter_Files_V1\source\main.c(410): warning:  #191-D: type qualifier is meaningless on cast type
  				if (receiverBuffer == RISING_EDGE) vSerialPutString((const signed char * const)BUTTON_1_ON, 12);
..\..\Starter_Files_V1\Starter_Files_V1\source\main.c(411): warning:  #191-D: type qualifier is meaningless on cast type
  				else if (receiverBuffer == FALLING_EDGE) vSerialPutString((const signed char * const)BUTTON_1_OFF, 13);
..\..\Starter_Files_V1\Starter_Files_V1\source\main.c(422): warning:  #191-D: type qualifier is meaningless on cast type
  				if (receiverBuffer == RISING_EDGE) vSerialPutString((const signed char * const)BUTTON_2_ON, 12);
..\..\Starter_Files_V1\Starter_Files_V1\source\main.c(423): warning:  #191-D: type qualifier is meaningless on cast type
  				else if (receiverBuffer == FALLING_EDGE) vSerialPutString((const signed char * const)BUTTON_2_OFF, 13);
..\..\Starter_Files_V1\Starter_Files_V1\source\main.c(433): warning:  #191-D: type qualifier is meaningless on cast type
  				if (receiverBuffer == PERIODIC_STRING) vSerialPutString((const signed char * const)Periodic_String, 10);
..\..\Starter_Files_V1\Starter_Files_V1\source\main.c: 10 warnings, 0 errors
compiling list.c...
compiling tasks.c...
..\..\Source\tasks.c(2254): warning:  #223-D: function "TagToPinMap" declared implicitly
          traceTASK_SWITCHED_IN();
..\..\Source\tasks.c(2254): warning:  #767-D: conversion from pointer to smaller integer
          traceTASK_SWITCHED_IN();
..\..\Source\tasks.c(2254): warning:  #188-D: enumerated type mixed with another type
          traceTASK_SWITCHED_IN();
..\..\Source\tasks.c(2254): warning:  #767-D: conversion from pointer to smaller integer
          traceTASK_SWITCHED_IN();
..\..\Source\tasks.c(3208): warning:  #223-D: function "TagToPinMap" declared implicitly
          traceTASK_SWITCHED_OUT();
..\..\Source\tasks.c(3208): warning:  #767-D: conversion from pointer to smaller integer
          traceTASK_SWITCHED_OUT();
..\..\Source\tasks.c(3208): warning:  #188-D: enumerated type mixed with another type
          traceTASK_SWITCHED_OUT();
..\..\Source\tasks.c(3208): warning:  #767-D: conversion from pointer to smaller integer
          traceTASK_SWITCHED_OUT();
..\..\Source\tasks.c(3208): warning:  #767-D: conversion from pointer to smaller integer
          traceTASK_SWITCHED_OUT();
..\..\Source\tasks.c(3257): warning:  #223-D: function "TagToPinMap" declared implicitly
          traceTASK_SWITCHED_IN();
..\..\Source\tasks.c(3257): warning:  #767-D: conversion from pointer to smaller integer
          traceTASK_SWITCHED_IN();
..\..\Source\tasks.c(3257): warning:  #188-D: enumerated type mixed with another type
          traceTASK_SWITCHED_IN();
..\..\Source\tasks.c(3257): warning:  #767-D: conversion from pointer to smaller integer
          traceTASK_SWITCHED_IN();
..\..\Source\tasks.c: 13 warnings, 0 errors
compiling port.c...
compiling queue.c...
assembling portASM.s...
compiling heap_2.c...
linking...
Program Size: Code=13060 RO-data=40 RW-data=228 ZI-data=15444  
FromELF: creating hex file...
".\bin\RTOSDemo.axf" - 0 Error(s), 24 Warning(s).
Build Time Elapsed:  00:00:01
</pre>
</body>
</html>
